// Jest Snapshot v1, https://goo.gl/fbAQLP

exports[`Navbar renders 1`] = `
ShallowWrapper {
  "length": 1,
  Symbol(enzyme.__root__): [Circular],
  Symbol(enzyme.__unrendered__): <NavBar />,
  Symbol(enzyme.__renderer__): Object {
    "batchedUpdates": [Function],
    "getNode": [Function],
    "render": [Function],
    "simulateEvent": [Function],
    "unmount": [Function],
  },
  Symbol(enzyme.__node__): Object {
    "instance": null,
    "key": undefined,
    "nodeType": "host",
    "props": Object {
      "children": Array [
        <button
          className="nav-bar__home"
          id="Home"
          onClick={[Function]}
>
          Home
</button>,
        <div
          className="nav-bar__new-char"
          id="NewChar"
>
          New Char
</div>,
        <div
          className="nav-bar __battle"
          id="Battle"
>
          Battle
</div>,
      ],
      "className": "nav-bar",
    },
    "ref": null,
    "rendered": Array [
      Object {
        "instance": null,
        "key": undefined,
        "nodeType": "host",
        "props": Object {
          "children": "Home",
          "className": "nav-bar__home",
          "id": "Home",
          "onClick": [Function],
        },
        "ref": null,
        "rendered": "Home",
        "type": "button",
      },
      Object {
        "instance": null,
        "key": undefined,
        "nodeType": "host",
        "props": Object {
          "children": "New Char",
          "className": "nav-bar__new-char",
          "id": "NewChar",
        },
        "ref": null,
        "rendered": "New Char",
        "type": "div",
      },
      Object {
        "instance": null,
        "key": undefined,
        "nodeType": "host",
        "props": Object {
          "children": "Battle",
          "className": "nav-bar __battle",
          "id": "Battle",
        },
        "ref": null,
        "rendered": "Battle",
        "type": "div",
      },
    ],
    "type": "div",
  },
  Symbol(enzyme.__nodes__): Array [
    Object {
      "instance": null,
      "key": undefined,
      "nodeType": "host",
      "props": Object {
        "children": Array [
          <button
            className="nav-bar__home"
            id="Home"
            onClick={[Function]}
>
            Home
</button>,
          <div
            className="nav-bar__new-char"
            id="NewChar"
>
            New Char
</div>,
          <div
            className="nav-bar __battle"
            id="Battle"
>
            Battle
</div>,
        ],
        "className": "nav-bar",
      },
      "ref": null,
      "rendered": Array [
        Object {
          "instance": null,
          "key": undefined,
          "nodeType": "host",
          "props": Object {
            "children": "Home",
            "className": "nav-bar__home",
            "id": "Home",
            "onClick": [Function],
          },
          "ref": null,
          "rendered": "Home",
          "type": "button",
        },
        Object {
          "instance": null,
          "key": undefined,
          "nodeType": "host",
          "props": Object {
            "children": "New Char",
            "className": "nav-bar__new-char",
            "id": "NewChar",
          },
          "ref": null,
          "rendered": "New Char",
          "type": "div",
        },
        Object {
          "instance": null,
          "key": undefined,
          "nodeType": "host",
          "props": Object {
            "children": "Battle",
            "className": "nav-bar __battle",
            "id": "Battle",
          },
          "ref": null,
          "rendered": "Battle",
          "type": "div",
        },
      ],
      "type": "div",
    },
  ],
  Symbol(enzyme.__options__): Object {
    "adapter": ReactSixteenAdapter {
      "options": Object {
        "enableComponentDidUpdateOnSetState": true,
      },
    },
  },
}
`;
