// Jest Snapshot v1, https://goo.gl/fbAQLP

exports[`test of new char container renders like normal snapshot test 1`] = `
ShallowWrapper {
  "length": 1,
  Symbol(enzyme.__root__): [Circular],
  Symbol(enzyme.__unrendered__): <NewChar />,
  Symbol(enzyme.__renderer__): Object {
    "batchedUpdates": [Function],
    "getNode": [Function],
    "render": [Function],
    "simulateEvent": [Function],
    "unmount": [Function],
  },
  Symbol(enzyme.__node__): Object {
    "instance": null,
    "key": undefined,
    "nodeType": "host",
    "props": Object {
      "children": Array [
        <div>
          <h1>
                    Make a new Guy
          </h1>
</div>,
        <div>
          <p>
                     Name: 
          </p>
          <input
                    class="NewChar__input"
                    onCHange={[Function]}
          />
          <p>
                     Class 
          </p>
          <select
                    onChange={[Function]}
          >
                    <option>
                               Pick a class 
                    </option>
                    <option
                              id="Nerd"
                    >
                               Nerd 
                    </option>
                    <option
                              id="Girl Scout"
                    >
                               Girl Scout 
                    </option>
                    <option
                              id="Shovel kid"
                    >
                               Shovel Kid
                    </option>
                    <option
                              id="Collector"
                    >
                               Collector
                    </option>
                    <option
                              id="Fat Kid"
                    >
                               Fat Kid
                    </option>
          </select>
          <div>
                    <p>
                              This is going to say something about the class you pick
                    </p>
          </div>
          <button>
                     OK yea I made my guy 
          </button>
</div>,
        <div>
           here goes your hero gif
</div>,
      ],
    },
    "ref": null,
    "rendered": Array [
      Object {
        "instance": null,
        "key": undefined,
        "nodeType": "host",
        "props": Object {
          "children": <h1>
            Make a new Guy
</h1>,
        },
        "ref": null,
        "rendered": Object {
          "instance": null,
          "key": undefined,
          "nodeType": "host",
          "props": Object {
            "children": "Make a new Guy",
          },
          "ref": null,
          "rendered": "Make a new Guy",
          "type": "h1",
        },
        "type": "div",
      },
      Object {
        "instance": null,
        "key": undefined,
        "nodeType": "host",
        "props": Object {
          "children": Array [
            <p>
               Name: 
</p>,
            <input
              class="NewChar__input"
              onCHange={[Function]}
/>,
            <p>
               Class 
</p>,
            <select
              onChange={[Function]}
>
              <option>
                             Pick a class 
              </option>
              <option
                            id="Nerd"
              >
                             Nerd 
              </option>
              <option
                            id="Girl Scout"
              >
                             Girl Scout 
              </option>
              <option
                            id="Shovel kid"
              >
                             Shovel Kid
              </option>
              <option
                            id="Collector"
              >
                             Collector
              </option>
              <option
                            id="Fat Kid"
              >
                             Fat Kid
              </option>
</select>,
            <div>
              <p>
                            This is going to say something about the class you pick
              </p>
</div>,
            <button>
               OK yea I made my guy 
</button>,
          ],
        },
        "ref": null,
        "rendered": Array [
          Object {
            "instance": null,
            "key": undefined,
            "nodeType": "host",
            "props": Object {
              "children": Array [
                " Name: ",
                undefined,
              ],
            },
            "ref": null,
            "rendered": Array [
              " Name: ",
              undefined,
            ],
            "type": "p",
          },
          Object {
            "instance": null,
            "key": undefined,
            "nodeType": "host",
            "props": Object {
              "class": "NewChar__input",
              "onCHange": [Function],
            },
            "ref": null,
            "rendered": null,
            "type": "input",
          },
          Object {
            "instance": null,
            "key": undefined,
            "nodeType": "host",
            "props": Object {
              "children": " Class ",
            },
            "ref": null,
            "rendered": " Class ",
            "type": "p",
          },
          Object {
            "instance": null,
            "key": undefined,
            "nodeType": "host",
            "props": Object {
              "children": Array [
                <option>
                   Pick a class 
</option>,
                <option
                  id="Nerd"
>
                   Nerd 
</option>,
                <option
                  id="Girl Scout"
>
                   Girl Scout 
</option>,
                <option
                  id="Shovel kid"
>
                   Shovel Kid
</option>,
                <option
                  id="Collector"
>
                   Collector
</option>,
                <option
                  id="Fat Kid"
>
                   Fat Kid
</option>,
              ],
              "onChange": [Function],
            },
            "ref": null,
            "rendered": Array [
              Object {
                "instance": null,
                "key": undefined,
                "nodeType": "host",
                "props": Object {
                  "children": " Pick a class ",
                },
                "ref": null,
                "rendered": " Pick a class ",
                "type": "option",
              },
              Object {
                "instance": null,
                "key": undefined,
                "nodeType": "host",
                "props": Object {
                  "children": " Nerd ",
                  "id": "Nerd",
                },
                "ref": null,
                "rendered": " Nerd ",
                "type": "option",
              },
              Object {
                "instance": null,
                "key": undefined,
                "nodeType": "host",
                "props": Object {
                  "children": " Girl Scout ",
                  "id": "Girl Scout",
                },
                "ref": null,
                "rendered": " Girl Scout ",
                "type": "option",
              },
              Object {
                "instance": null,
                "key": undefined,
                "nodeType": "host",
                "props": Object {
                  "children": " Shovel Kid",
                  "id": "Shovel kid",
                },
                "ref": null,
                "rendered": " Shovel Kid",
                "type": "option",
              },
              Object {
                "instance": null,
                "key": undefined,
                "nodeType": "host",
                "props": Object {
                  "children": " Collector",
                  "id": "Collector",
                },
                "ref": null,
                "rendered": " Collector",
                "type": "option",
              },
              Object {
                "instance": null,
                "key": undefined,
                "nodeType": "host",
                "props": Object {
                  "children": " Fat Kid",
                  "id": "Fat Kid",
                },
                "ref": null,
                "rendered": " Fat Kid",
                "type": "option",
              },
            ],
            "type": "select",
          },
          Object {
            "instance": null,
            "key": undefined,
            "nodeType": "host",
            "props": Object {
              "children": <p>
                This is going to say something about the class you pick
</p>,
            },
            "ref": null,
            "rendered": Object {
              "instance": null,
              "key": undefined,
              "nodeType": "host",
              "props": Object {
                "children": "This is going to say something about the class you pick",
              },
              "ref": null,
              "rendered": "This is going to say something about the class you pick",
              "type": "p",
            },
            "type": "div",
          },
          Object {
            "instance": null,
            "key": undefined,
            "nodeType": "host",
            "props": Object {
              "children": " OK yea I made my guy ",
            },
            "ref": null,
            "rendered": " OK yea I made my guy ",
            "type": "button",
          },
        ],
        "type": "div",
      },
      Object {
        "instance": null,
        "key": undefined,
        "nodeType": "host",
        "props": Object {
          "children": " here goes your hero gif",
        },
        "ref": null,
        "rendered": " here goes your hero gif",
        "type": "div",
      },
    ],
    "type": "div",
  },
  Symbol(enzyme.__nodes__): Array [
    Object {
      "instance": null,
      "key": undefined,
      "nodeType": "host",
      "props": Object {
        "children": Array [
          <div>
            <h1>
                        Make a new Guy
            </h1>
</div>,
          <div>
            <p>
                         Name: 
            </p>
            <input
                        class="NewChar__input"
                        onCHange={[Function]}
            />
            <p>
                         Class 
            </p>
            <select
                        onChange={[Function]}
            >
                        <option>
                                     Pick a class 
                        </option>
                        <option
                                    id="Nerd"
                        >
                                     Nerd 
                        </option>
                        <option
                                    id="Girl Scout"
                        >
                                     Girl Scout 
                        </option>
                        <option
                                    id="Shovel kid"
                        >
                                     Shovel Kid
                        </option>
                        <option
                                    id="Collector"
                        >
                                     Collector
                        </option>
                        <option
                                    id="Fat Kid"
                        >
                                     Fat Kid
                        </option>
            </select>
            <div>
                        <p>
                                    This is going to say something about the class you pick
                        </p>
            </div>
            <button>
                         OK yea I made my guy 
            </button>
</div>,
          <div>
             here goes your hero gif
</div>,
        ],
      },
      "ref": null,
      "rendered": Array [
        Object {
          "instance": null,
          "key": undefined,
          "nodeType": "host",
          "props": Object {
            "children": <h1>
              Make a new Guy
</h1>,
          },
          "ref": null,
          "rendered": Object {
            "instance": null,
            "key": undefined,
            "nodeType": "host",
            "props": Object {
              "children": "Make a new Guy",
            },
            "ref": null,
            "rendered": "Make a new Guy",
            "type": "h1",
          },
          "type": "div",
        },
        Object {
          "instance": null,
          "key": undefined,
          "nodeType": "host",
          "props": Object {
            "children": Array [
              <p>
                 Name: 
</p>,
              <input
                class="NewChar__input"
                onCHange={[Function]}
/>,
              <p>
                 Class 
</p>,
              <select
                onChange={[Function]}
>
                <option>
                                 Pick a class 
                </option>
                <option
                                id="Nerd"
                >
                                 Nerd 
                </option>
                <option
                                id="Girl Scout"
                >
                                 Girl Scout 
                </option>
                <option
                                id="Shovel kid"
                >
                                 Shovel Kid
                </option>
                <option
                                id="Collector"
                >
                                 Collector
                </option>
                <option
                                id="Fat Kid"
                >
                                 Fat Kid
                </option>
</select>,
              <div>
                <p>
                                This is going to say something about the class you pick
                </p>
</div>,
              <button>
                 OK yea I made my guy 
</button>,
            ],
          },
          "ref": null,
          "rendered": Array [
            Object {
              "instance": null,
              "key": undefined,
              "nodeType": "host",
              "props": Object {
                "children": Array [
                  " Name: ",
                  undefined,
                ],
              },
              "ref": null,
              "rendered": Array [
                " Name: ",
                undefined,
              ],
              "type": "p",
            },
            Object {
              "instance": null,
              "key": undefined,
              "nodeType": "host",
              "props": Object {
                "class": "NewChar__input",
                "onCHange": [Function],
              },
              "ref": null,
              "rendered": null,
              "type": "input",
            },
            Object {
              "instance": null,
              "key": undefined,
              "nodeType": "host",
              "props": Object {
                "children": " Class ",
              },
              "ref": null,
              "rendered": " Class ",
              "type": "p",
            },
            Object {
              "instance": null,
              "key": undefined,
              "nodeType": "host",
              "props": Object {
                "children": Array [
                  <option>
                     Pick a class 
</option>,
                  <option
                    id="Nerd"
>
                     Nerd 
</option>,
                  <option
                    id="Girl Scout"
>
                     Girl Scout 
</option>,
                  <option
                    id="Shovel kid"
>
                     Shovel Kid
</option>,
                  <option
                    id="Collector"
>
                     Collector
</option>,
                  <option
                    id="Fat Kid"
>
                     Fat Kid
</option>,
                ],
                "onChange": [Function],
              },
              "ref": null,
              "rendered": Array [
                Object {
                  "instance": null,
                  "key": undefined,
                  "nodeType": "host",
                  "props": Object {
                    "children": " Pick a class ",
                  },
                  "ref": null,
                  "rendered": " Pick a class ",
                  "type": "option",
                },
                Object {
                  "instance": null,
                  "key": undefined,
                  "nodeType": "host",
                  "props": Object {
                    "children": " Nerd ",
                    "id": "Nerd",
                  },
                  "ref": null,
                  "rendered": " Nerd ",
                  "type": "option",
                },
                Object {
                  "instance": null,
                  "key": undefined,
                  "nodeType": "host",
                  "props": Object {
                    "children": " Girl Scout ",
                    "id": "Girl Scout",
                  },
                  "ref": null,
                  "rendered": " Girl Scout ",
                  "type": "option",
                },
                Object {
                  "instance": null,
                  "key": undefined,
                  "nodeType": "host",
                  "props": Object {
                    "children": " Shovel Kid",
                    "id": "Shovel kid",
                  },
                  "ref": null,
                  "rendered": " Shovel Kid",
                  "type": "option",
                },
                Object {
                  "instance": null,
                  "key": undefined,
                  "nodeType": "host",
                  "props": Object {
                    "children": " Collector",
                    "id": "Collector",
                  },
                  "ref": null,
                  "rendered": " Collector",
                  "type": "option",
                },
                Object {
                  "instance": null,
                  "key": undefined,
                  "nodeType": "host",
                  "props": Object {
                    "children": " Fat Kid",
                    "id": "Fat Kid",
                  },
                  "ref": null,
                  "rendered": " Fat Kid",
                  "type": "option",
                },
              ],
              "type": "select",
            },
            Object {
              "instance": null,
              "key": undefined,
              "nodeType": "host",
              "props": Object {
                "children": <p>
                  This is going to say something about the class you pick
</p>,
              },
              "ref": null,
              "rendered": Object {
                "instance": null,
                "key": undefined,
                "nodeType": "host",
                "props": Object {
                  "children": "This is going to say something about the class you pick",
                },
                "ref": null,
                "rendered": "This is going to say something about the class you pick",
                "type": "p",
              },
              "type": "div",
            },
            Object {
              "instance": null,
              "key": undefined,
              "nodeType": "host",
              "props": Object {
                "children": " OK yea I made my guy ",
              },
              "ref": null,
              "rendered": " OK yea I made my guy ",
              "type": "button",
            },
          ],
          "type": "div",
        },
        Object {
          "instance": null,
          "key": undefined,
          "nodeType": "host",
          "props": Object {
            "children": " here goes your hero gif",
          },
          "ref": null,
          "rendered": " here goes your hero gif",
          "type": "div",
        },
      ],
      "type": "div",
    },
  ],
  Symbol(enzyme.__options__): Object {
    "adapter": ReactSixteenAdapter {
      "options": Object {
        "enableComponentDidUpdateOnSetState": true,
      },
    },
  },
}
`;
